Drill report for kastenwagen-1840-pcb.kicad_pcb
Created on 2026-01-25T12:22:48+0100

Copper Layer Stackup:
    =============================================================
    L1 :  F.Cu                      front
    L2 :  B.Cu                      back


Drill file 'kastenwagen-1840-pcb-PTH.drl' contains
    plated through holes:
    =============================================================
    T1  0.300mm  0.0118"  (106 holes)
    T2  0.300mm  0.0118"  (8 holes)
    T3  1.000mm  0.0394"  (9 holes)
    T4  1.500mm  0.0591"  (2 holes)  (with 2 slots)
    T5  3.000mm  0.1181"  (146 holes)
    T6  3.048mm  0.1200"  (10 holes)

    Total plated holes count 281


Drill file 'kastenwagen-1840-pcb-NPTH.drl' contains
    unplated through holes:
    =============================================================
    T1  1.750mm  0.0689"  (146 holes)
    T2  3.048mm  0.1200"  (2 holes)
    T3  3.988mm  0.1570"  (86 holes)

    Total unplated holes count 234
